// Jest Snapshot v1, https://goo.gl/fbAQLP

exports[`about.tsx should render component without crashing 1`] = `[Function]`;
