// Jest Snapshot v1, https://goo.gl/fbAQLP

exports[`contact.tsx should render component without crashing 1`] = `[Function]`;
